// Jest Snapshot v1, https://goo.gl/fbAQLP

exports[`dialog works with state 1`] = `"<h2 class="MuiTypography-root MuiTypography-h6 MuiDialogTitle-root css-rvoa5x-MuiTypography-root-MuiDialogTitle-root" id=":r0:">Get project from GitHub <button class="MuiButtonBase-root MuiIconButton-root MuiIconButton-sizeMedium css-e8z3iq-MuiButtonBase-root-MuiIconButton-root" tabindex="0" type="button" aria-label="close"><svg class="MuiSvgIcon-root MuiSvgIcon-fontSizeMedium css-1umw9bq-MuiSvgIcon-root" focusable="false" aria-hidden="true" viewBox="0 0 24 24" data-testid="CloseIcon"><path d="M19 6.41 17.59 5 12 10.59 6.41 5 5 6.41 10.59 12 5 17.59 6.41 19 12 13.41 17.59 19 19 17.59 13.41 12z"></path></svg></button></h2><div class="MuiDialogContent-root css-kw13he-MuiDialogContent-root"><p class="MuiTypography-root MuiDialogContentText-root MuiTypography-body1 MuiDialogContentText-root css-ujudvl-MuiTypography-root-MuiDialogContentText-root">Please enter the GitHub URL and a name for the new project.</p><div class="MuiFormControl-root MuiFormControl-marginDense MuiFormControl-fullWidth MuiTextField-root css-xanwcj-MuiFormControl-root-MuiTextField-root"><label class="MuiFormLabel-root MuiInputLabel-root MuiInputLabel-formControl MuiInputLabel-animated MuiInputLabel-shrink MuiInputLabel-sizeMedium MuiInputLabel-standard MuiFormLabel-colorPrimary MuiFormLabel-filled Mui-focused MuiInputLabel-root MuiInputLabel-formControl MuiInputLabel-animated MuiInputLabel-shrink MuiInputLabel-sizeMedium MuiInputLabel-standard css-1ew92b2-MuiFormLabel-root-MuiInputLabel-root" data-shrink="true" for="url" id="url-label">GitHub URL</label><div class="MuiInputBase-root MuiInput-root MuiInput-underline MuiInputBase-colorPrimary MuiInputBase-fullWidth Mui-focused MuiInputBase-formControl css-6h9cc6-MuiInputBase-root-MuiInput-root"><input aria-invalid="false" id="url" type="text" class="MuiInputBase-input MuiInput-input css-1yrc8ca-MuiInputBase-input-MuiInput-input" value="https://example.com/user/Project A"></div></div><div class="MuiStack-root css-m69qwo-MuiStack-root"><div class="MuiFormControl-root MuiFormControl-marginDense MuiFormControl-fullWidth MuiTextField-root css-xanwcj-MuiFormControl-root-MuiTextField-root"><label class="MuiFormLabel-root MuiInputLabel-root MuiInputLabel-formControl MuiInputLabel-animated MuiInputLabel-sizeMedium MuiInputLabel-standard MuiFormLabel-colorPrimary MuiInputLabel-root MuiInputLabel-formControl MuiInputLabel-animated MuiInputLabel-sizeMedium MuiInputLabel-standard css-2hy7sk-MuiFormLabel-root-MuiInputLabel-root" data-shrink="false" for="projectDirectory" id="projectDirectory-label">Folder for new project</label><div class="MuiInputBase-root MuiInput-root MuiInput-underline MuiInputBase-colorPrimary MuiInputBase-fullWidth MuiInputBase-formControl MuiInputBase-adornedEnd Mui-readOnly MuiInputBase-readOnly css-6h9cc6-MuiInputBase-root-MuiInput-root"><input aria-invalid="false" id="projectDirectory" readonly="" type="text" class="MuiInputBase-input MuiInput-input MuiInputBase-inputAdornedEnd Mui-readOnly MuiInputBase-readOnly css-1yrc8ca-MuiInputBase-input-MuiInput-input" value=""><div class="MuiInputAdornment-root MuiInputAdornment-positionEnd MuiInputAdornment-standard MuiInputAdornment-sizeMedium css-elo8k2-MuiInputAdornment-root"><button class="MuiButtonBase-root MuiButton-root MuiButton-text MuiButton-textPrimary MuiButton-sizeMedium MuiButton-textSizeMedium MuiButton-colorPrimary MuiButton-root MuiButton-text MuiButton-textPrimary MuiButton-sizeMedium MuiButton-textSizeMedium MuiButton-colorPrimary css-1588512-MuiButtonBase-root-MuiButton-root" tabindex="0" type="button" aria-label="choose folder">Choose</button></div></div></div></div></div><div class="MuiDialogActions-root MuiDialogActions-spacing css-15fu35s-MuiDialogActions-root"><button class="MuiButtonBase-root MuiButton-root MuiButton-outlined MuiButton-outlinedPrimary MuiButton-sizeMedium MuiButton-outlinedSizeMedium MuiButton-colorPrimary Mui-disabled MuiButton-root MuiButton-outlined MuiButton-outlinedPrimary MuiButton-sizeMedium MuiButton-outlinedSizeMedium MuiButton-colorPrimary css-1btmbba-MuiButtonBase-root-MuiButton-root" tabindex="-1" type="button" disabled="">Get</button><button class="MuiButtonBase-root MuiButton-root MuiButton-outlined MuiButton-outlinedPrimary MuiButton-sizeMedium MuiButton-outlinedSizeMedium MuiButton-colorPrimary MuiButton-root MuiButton-outlined MuiButton-outlinedPrimary MuiButton-sizeMedium MuiButton-outlinedSizeMedium MuiButton-colorPrimary css-1btmbba-MuiButtonBase-root-MuiButton-root" tabindex="0" type="button">Cancel</button></div>"`;
