// Vitest Snapshot v1, https://vitest.dev/guide/snapshot.html

exports[`Calculation element produces output with default values where properties omitted 1`] = `"<div class="MuiFormControl-root MuiTextField-root css-55ifni-MuiFormControl-root-MuiTextField-root"><div class="MuiInputBase-root MuiOutlinedInput-root MuiInputBase-colorPrimary MuiInputBase-formControl MuiInputBase-sizeSmall MuiInputBase-multiline css-171086r-MuiInputBase-root-MuiOutlinedInput-root"><textarea aria-invalid="false" id="app.page1.width" class="MuiInputBase-input MuiOutlinedInput-input MuiInputBase-inputMultiline MuiInputBase-inputSizeSmall css-msbelq-MuiInputBase-input-MuiOutlinedInput-input" style="height: 0px; overflow: hidden;"></textarea><textarea aria-hidden="true" class="MuiInputBase-input MuiOutlinedInput-input MuiInputBase-inputMultiline MuiInputBase-inputSizeSmall css-msbelq-MuiInputBase-input-MuiOutlinedInput-input" readonly="" tabindex="-1" style="visibility: hidden; position: absolute; overflow: hidden; height: 0px; top: 0px; left: 0px; transform: translateZ(0); padding-top: 0px; padding-bottom: 0px; width: 100%;"></textarea><fieldset aria-hidden="true" class="MuiOutlinedInput-notchedOutline css-18p5xg2-MuiNotchedOutlined-root-MuiOutlinedInput-notchedOutline"><legend class="css-1nf2c5d-MuiNotchedOutlined-root"><span class="notranslate" aria-hidden="true">â€‹</span></legend></fieldset></div></div>"`;

exports[`Calculation element produces output with multiline 1`] = `
"<div class="MuiFormControl-root MuiTextField-root css-55ifni-MuiFormControl-root-MuiTextField-root"><label class="MuiFormLabel-root MuiInputLabel-root MuiInputLabel-formControl MuiInputLabel-animated MuiInputLabel-shrink MuiInputLabel-sizeSmall MuiInputLabel-outlined MuiFormLabel-colorPrimary MuiFormLabel-filled MuiInputLabel-root MuiInputLabel-formControl MuiInputLabel-animated MuiInputLabel-shrink MuiInputLabel-sizeSmall MuiInputLabel-outlined css-hvjq6j-MuiFormLabel-root-MuiInputLabel-root" data-shrink="true" for="app.page1.description" id="app.page1.description-label">Item Description</label><div class="MuiInputBase-root MuiOutlinedInput-root MuiInputBase-colorPrimary MuiInputBase-formControl MuiInputBase-sizeSmall MuiInputBase-multiline css-171086r-MuiInputBase-root-MuiOutlinedInput-root"><textarea aria-invalid="false" id="app.page1.description" class="MuiInputBase-input MuiOutlinedInput-input MuiInputBase-inputMultiline MuiInputBase-inputSizeSmall css-msbelq-MuiInputBase-input-MuiOutlinedInput-input" style="height: 0px; overflow: hidden;">Hi there!
How are you?</textarea><textarea aria-hidden="true" class="MuiInputBase-input MuiOutlinedInput-input MuiInputBase-inputMultiline MuiInputBase-inputSizeSmall css-msbelq-MuiInputBase-input-MuiOutlinedInput-input" readonly="" tabindex="-1" style="visibility: hidden; position: absolute; overflow: hidden; height: 0px; top: 0px; left: 0px; transform: translateZ(0); padding-top: 0px; padding-bottom: 0px; width: 100%;"></textarea><fieldset aria-hidden="true" class="MuiOutlinedInput-notchedOutline css-18p5xg2-MuiNotchedOutlined-root-MuiOutlinedInput-notchedOutline"><legend class="css-ex8a5f-MuiNotchedOutlined-root"><span>Item Description</span></legend></fieldset></div></div>"
`;

exports[`Calculation element produces output with properties supplied 1`] = `"<div class="MuiFormControl-root MuiTextField-root css-aty329-MuiFormControl-root-MuiTextField-root"><label class="MuiFormLabel-root MuiInputLabel-root MuiInputLabel-formControl MuiInputLabel-animated MuiInputLabel-shrink MuiInputLabel-sizeSmall MuiInputLabel-outlined MuiFormLabel-colorPrimary MuiFormLabel-filled MuiInputLabel-root MuiInputLabel-formControl MuiInputLabel-animated MuiInputLabel-shrink MuiInputLabel-sizeSmall MuiInputLabel-outlined css-hvjq6j-MuiFormLabel-root-MuiInputLabel-root" data-shrink="true" for="app.page1.width" id="app.page1.width-label">Item Description</label><div class="MuiInputBase-root MuiOutlinedInput-root MuiInputBase-colorPrimary MuiInputBase-formControl MuiInputBase-sizeSmall MuiInputBase-multiline css-171086r-MuiInputBase-root-MuiOutlinedInput-root"><textarea aria-invalid="false" id="app.page1.width" class="MuiInputBase-input MuiOutlinedInput-input MuiInputBase-inputMultiline MuiInputBase-inputSizeSmall css-msbelq-MuiInputBase-input-MuiOutlinedInput-input" style="height: 0px; overflow: hidden;">Hi there!</textarea><textarea aria-hidden="true" class="MuiInputBase-input MuiOutlinedInput-input MuiInputBase-inputMultiline MuiInputBase-inputSizeSmall css-msbelq-MuiInputBase-input-MuiOutlinedInput-input" readonly="" tabindex="-1" style="visibility: hidden; position: absolute; overflow: hidden; height: 0px; top: 0px; left: 0px; transform: translateZ(0); padding-top: 0px; padding-bottom: 0px; width: 100%;"></textarea><fieldset aria-hidden="true" class="MuiOutlinedInput-notchedOutline css-18p5xg2-MuiNotchedOutlined-root-MuiOutlinedInput-notchedOutline"><legend class="css-ex8a5f-MuiNotchedOutlined-root"><span>Item Description</span></legend></fieldset></div></div>"`;
