// Jest Snapshot v1, https://goo.gl/fbAQLP

exports[`Component element produces output containing children and wrapped with styles 1`] = `
<div
  className="MuiBox-root css-1embv37"
  id="app.page1.things"
>
  <p
    className="MuiTypography-root MuiTypography-body1 css-vybajm-MuiTypography-root"
    id="app.page1.things.text1"
  >
    First text
  </p>
  <p
    className="MuiTypography-root MuiTypography-body1 css-110he2w-MuiTypography-root"
    id="app.page1.things.text2"
  >
    Second text
  </p>
</div>
`;
