// Jest Snapshot v1, https://goo.gl/fbAQLP

exports[`Menu element produces output with properties supplied when closed 1`] = `
<div
  style={{}}
>
  <button
    aria-haspopup="true"
    className="MuiButtonBase-root MuiButton-root MuiButton-contained MuiButton-containedPrimary MuiButton-sizeSmall MuiButton-containedSizeSmall MuiButton-disableElevation MuiButton-root MuiButton-contained MuiButton-containedPrimary MuiButton-sizeSmall MuiButton-containedSizeSmall MuiButton-disableElevation css-1ysosz0-MuiButtonBase-root-MuiButton-root"
    disabled={false}
    id="app.page1.fileMenu_button"
    onBlur={[Function]}
    onClick={[Function]}
    onContextMenu={[Function]}
    onDragLeave={[Function]}
    onFocus={[Function]}
    onKeyDown={[Function]}
    onKeyUp={[Function]}
    onMouseDown={[Function]}
    onMouseLeave={[Function]}
    onMouseUp={[Function]}
    onTouchEnd={[Function]}
    onTouchMove={[Function]}
    onTouchStart={[Function]}
    tabIndex={0}
    type="button"
  >
    File
  </button>
</div>
`;

exports[`Menu element produces output with properties supplied when open 1`] = `"<div id="testContainer" aria-hidden="true"><div><button class="MuiButtonBase-root MuiButton-root MuiButton-text MuiButton-textPrimary MuiButton-sizeSmall MuiButton-textSizeSmall MuiButton-disableElevation MuiButton-root MuiButton-text MuiButton-textPrimary MuiButton-sizeSmall MuiButton-textSizeSmall MuiButton-disableElevation css-bb99s9-MuiButtonBase-root-MuiButton-root" tabindex="0" type="button" id="app.page1.fileMenu_button" aria-haspopup="true" aria-controls="app.page1.fileMenu" aria-expanded="true">File<span class="MuiTouchRipple-root css-8je8zh-MuiTouchRipple-root"><span class="css-y4cjyz-MuiTouchRipple-ripple MuiTouchRipple-ripple MuiTouchRipple-rippleVisible" style="width: 2.8284271247461903px; height: 2.8284271247461903px; top: -1.4142135623730951px; left: -1.4142135623730951px;"><span class="MuiTouchRipple-child MuiTouchRipple-childLeaving"></span></span></span></button></div></div><div role="presentation" class="MuiPopover-root MuiMenu-root MuiModal-root css-10nakn3-MuiModal-root-MuiPopover-root-MuiMenu-root"><div aria-hidden="true" class="MuiBackdrop-root MuiBackdrop-invisible MuiModal-backdrop css-g3hgs1-MuiBackdrop-root-MuiModal-backdrop" style="opacity: 1; webkit-transition: opacity 225ms cubic-bezier(0.4, 0, 0.2, 1) 0ms; transition: opacity 225ms cubic-bezier(0.4, 0, 0.2, 1) 0ms;"></div><div tabindex="0" data-testid="sentinelStart"></div><div class="MuiPaper-root MuiPaper-elevation MuiPaper-rounded MuiPaper-elevation1 MuiPaper-root MuiMenu-paper MuiPaper-elevation MuiPaper-rounded MuiPaper-elevation8 MuiPopover-paper css-1poimk-MuiPaper-root-MuiMenu-paper-MuiPaper-root-MuiPopover-paper" style="opacity: 1; transform: none; transition: opacity 0ms cubic-bezier(0.4, 0, 0.2, 1) 0ms,transform 0ms cubic-bezier(0.4, 0, 0.2, 1) 0ms; top: 16px; left: 16px; transform-origin: -16px -16px;" tabindex="-1"><ul class="MuiList-root MuiList-padding MuiMenu-list css-6hp17o-MuiList-root-MuiMenu-list" role="menu" tabindex="-1" id="app.page1.fileMenu" aria-labelledby="app.page1.fileMenu_button"><li class="MuiButtonBase-root MuiMenuItem-root MuiMenuItem-gutters MuiMenuItem-root MuiMenuItem-gutters css-x8xom5-MuiButtonBase-root-MuiMenuItem-root" tabindex="-1" role="menuitem" id="app.page1.fileMenu.Open">Open<span class="MuiTouchRipple-root css-8je8zh-MuiTouchRipple-root"></span></li><li class="MuiButtonBase-root MuiMenuItem-root MuiMenuItem-gutters MuiMenuItem-root MuiMenuItem-gutters css-ul4623-MuiButtonBase-root-MuiMenuItem-root" tabindex="-1" role="menuitem" id="app.page1.fileMenu.Close">Close<span class="MuiTouchRipple-root css-8je8zh-MuiTouchRipple-root"></span></li></ul></div><div tabindex="0" data-testid="sentinelEnd"></div></div>"`;
