// Jest Snapshot v1, https://goo.gl/fbAQLP

exports[`Page element produces output containing children 1`] = `
<div
  className="MuiStack-root ElPage css-pao7ie-MuiStack-root"
  id="page1"
  tabIndex={-1}
>
  <div
    className="MuiTypography-root MuiTypography-body1 css-1pnky8i-MuiTypography-root"
    id="page1.para1"
  >
    Hello
    <br />
    where are you
  </div>
</div>
`;
