// Jest Snapshot v1, https://goo.gl/fbAQLP

exports[`ScreenKeyboard element produces output with properties supplied 1`] = `"<div class="MuiBox-root css-0" id="app.page1.keyboard" tabindex="-1"><div class="react-simple-keyboard simple-keyboard hg-theme-default hg-layout-lettersOnly" data-skinstance="reactSimpleKeyboard"><div class="hg-rows"><div class="hg-row"><div class="hg-button hg-standardBtn" data-skbtn="q" data-skbtnuid="lettersOnly-r0b0"><span>q</span></div><div class="hg-button hg-standardBtn" data-skbtn="w" data-skbtnuid="lettersOnly-r0b1"><span>w</span></div><div class="hg-button hg-standardBtn" data-skbtn="e" data-skbtnuid="lettersOnly-r0b2"><span>e</span></div><div class="hg-button hg-standardBtn" data-skbtn="r" data-skbtnuid="lettersOnly-r0b3"><span>r</span></div><div class="hg-button hg-standardBtn" data-skbtn="t" data-skbtnuid="lettersOnly-r0b4"><span>t</span></div><div class="hg-button hg-standardBtn" data-skbtn="y" data-skbtnuid="lettersOnly-r0b5"><span>y</span></div><div class="hg-button hg-standardBtn" data-skbtn="u" data-skbtnuid="lettersOnly-r0b6"><span>u</span></div><div class="hg-button hg-standardBtn" data-skbtn="i" data-skbtnuid="lettersOnly-r0b7"><span>i</span></div><div class="hg-button hg-standardBtn" data-skbtn="o" data-skbtnuid="lettersOnly-r0b8"><span>o</span></div><div class="hg-button hg-standardBtn" data-skbtn="p" data-skbtnuid="lettersOnly-r0b9"><span>p</span></div></div><div class="hg-row"><div class="hg-button hg-standardBtn" data-skbtn="a" data-skbtnuid="lettersOnly-r1b0"><span>a</span></div><div class="hg-button hg-standardBtn" data-skbtn="s" data-skbtnuid="lettersOnly-r1b1"><span>s</span></div><div class="hg-button hg-standardBtn" data-skbtn="d" data-skbtnuid="lettersOnly-r1b2"><span>d</span></div><div class="hg-button hg-standardBtn" data-skbtn="f" data-skbtnuid="lettersOnly-r1b3"><span>f</span></div><div class="hg-button hg-standardBtn" data-skbtn="g" data-skbtnuid="lettersOnly-r1b4"><span>g</span></div><div class="hg-button hg-standardBtn" data-skbtn="h" data-skbtnuid="lettersOnly-r1b5"><span>h</span></div><div class="hg-button hg-standardBtn" data-skbtn="j" data-skbtnuid="lettersOnly-r1b6"><span>j</span></div><div class="hg-button hg-standardBtn" data-skbtn="k" data-skbtnuid="lettersOnly-r1b7"><span>k</span></div><div class="hg-button hg-standardBtn" data-skbtn="l" data-skbtnuid="lettersOnly-r1b8"><span>l</span></div></div><div class="hg-row"><div class="hg-button hg-functionBtn hg-button-ent" data-skbtn="{ent}" data-skbtnuid="lettersOnly-r2b0"><span>Enter</span></div><div class="hg-button hg-standardBtn" data-skbtn="z" data-skbtnuid="lettersOnly-r2b1"><span>z</span></div><div class="hg-button hg-standardBtn" data-skbtn="x" data-skbtnuid="lettersOnly-r2b2"><span>x</span></div><div class="hg-button hg-standardBtn" data-skbtn="c" data-skbtnuid="lettersOnly-r2b3"><span>c</span></div><div class="hg-button hg-standardBtn" data-skbtn="v" data-skbtnuid="lettersOnly-r2b4"><span>v</span></div><div class="hg-button hg-standardBtn" data-skbtn="b" data-skbtnuid="lettersOnly-r2b5"><span>b</span></div><div class="hg-button hg-standardBtn" data-skbtn="n" data-skbtnuid="lettersOnly-r2b6"><span>n</span></div><div class="hg-button hg-standardBtn" data-skbtn="m" data-skbtnuid="lettersOnly-r2b7"><span>m</span></div><div class="hg-button hg-functionBtn hg-button-backspace" data-skbtn="{backspace}" data-skbtnuid="lettersOnly-r2b8"><span>⌫</span></div></div></div></div></div>"`;

exports[`ScreenKeyboard element produces output with properties supplied as state values 1`] = `"<div class="MuiBox-root css-1v5z18m" id="app.page1.keyboard" tabindex="-1"><div class="react-simple-keyboard simple-keyboard hg-theme-default hg-layout-lettersOnly" data-skinstance="reactSimpleKeyboard"><div class="hg-rows"><div class="hg-row"><div class="hg-button hg-standardBtn" data-skbtn="q" data-skbtnuid="lettersOnly-r0b0"><span>q</span></div><div class="hg-button hg-standardBtn" data-skbtn="w" data-skbtnuid="lettersOnly-r0b1"><span>w</span></div><div class="hg-button hg-standardBtn" data-skbtn="e" data-skbtnuid="lettersOnly-r0b2"><span>e</span></div><div class="hg-button hg-standardBtn" data-skbtn="r" data-skbtnuid="lettersOnly-r0b3"><span>r</span></div><div class="hg-button hg-standardBtn" data-skbtn="t" data-skbtnuid="lettersOnly-r0b4"><span>t</span></div><div class="hg-button hg-standardBtn" data-skbtn="y" data-skbtnuid="lettersOnly-r0b5"><span>y</span></div><div class="hg-button hg-standardBtn" data-skbtn="u" data-skbtnuid="lettersOnly-r0b6"><span>u</span></div><div class="hg-button hg-standardBtn" data-skbtn="i" data-skbtnuid="lettersOnly-r0b7"><span>i</span></div><div class="hg-button hg-standardBtn" data-skbtn="o" data-skbtnuid="lettersOnly-r0b8"><span>o</span></div><div class="hg-button hg-standardBtn" data-skbtn="p" data-skbtnuid="lettersOnly-r0b9"><span>p</span></div></div><div class="hg-row"><div class="hg-button hg-standardBtn" data-skbtn="a" data-skbtnuid="lettersOnly-r1b0"><span>a</span></div><div class="hg-button hg-standardBtn" data-skbtn="s" data-skbtnuid="lettersOnly-r1b1"><span>s</span></div><div class="hg-button hg-standardBtn" data-skbtn="d" data-skbtnuid="lettersOnly-r1b2"><span>d</span></div><div class="hg-button hg-standardBtn" data-skbtn="f" data-skbtnuid="lettersOnly-r1b3"><span>f</span></div><div class="hg-button hg-standardBtn" data-skbtn="g" data-skbtnuid="lettersOnly-r1b4"><span>g</span></div><div class="hg-button hg-standardBtn" data-skbtn="h" data-skbtnuid="lettersOnly-r1b5"><span>h</span></div><div class="hg-button hg-standardBtn" data-skbtn="j" data-skbtnuid="lettersOnly-r1b6"><span>j</span></div><div class="hg-button hg-standardBtn" data-skbtn="k" data-skbtnuid="lettersOnly-r1b7"><span>k</span></div><div class="hg-button hg-standardBtn" data-skbtn="l" data-skbtnuid="lettersOnly-r1b8"><span>l</span></div></div><div class="hg-row"><div class="hg-button hg-functionBtn hg-button-ent" data-skbtn="{ent}" data-skbtnuid="lettersOnly-r2b0"><span>Enter</span></div><div class="hg-button hg-standardBtn" data-skbtn="z" data-skbtnuid="lettersOnly-r2b1"><span>z</span></div><div class="hg-button hg-standardBtn" data-skbtn="x" data-skbtnuid="lettersOnly-r2b2"><span>x</span></div><div class="hg-button hg-standardBtn" data-skbtn="c" data-skbtnuid="lettersOnly-r2b3"><span>c</span></div><div class="hg-button hg-standardBtn" data-skbtn="v" data-skbtnuid="lettersOnly-r2b4"><span>v</span></div><div class="hg-button hg-standardBtn" data-skbtn="b" data-skbtnuid="lettersOnly-r2b5"><span>b</span></div><div class="hg-button hg-standardBtn" data-skbtn="n" data-skbtnuid="lettersOnly-r2b6"><span>n</span></div><div class="hg-button hg-standardBtn" data-skbtn="m" data-skbtnuid="lettersOnly-r2b7"><span>m</span></div><div class="hg-button hg-functionBtn hg-button-backspace" data-skbtn="{backspace}" data-skbtnuid="lettersOnly-r2b8"><span>⌫</span></div></div></div></div></div>"`;

exports[`ScreenKeyboard element produces output with show false 1`] = `"<div class="MuiBox-root css-1hyfx7x" id="app.page1.keyboard" tabindex="-1"><div class="react-simple-keyboard simple-keyboard hg-theme-default hg-layout-lettersOnly" data-skinstance="reactSimpleKeyboard"><div class="hg-rows"><div class="hg-row"><div class="hg-button hg-standardBtn" data-skbtn="q" data-skbtnuid="lettersOnly-r0b0"><span>q</span></div><div class="hg-button hg-standardBtn" data-skbtn="w" data-skbtnuid="lettersOnly-r0b1"><span>w</span></div><div class="hg-button hg-standardBtn" data-skbtn="e" data-skbtnuid="lettersOnly-r0b2"><span>e</span></div><div class="hg-button hg-standardBtn" data-skbtn="r" data-skbtnuid="lettersOnly-r0b3"><span>r</span></div><div class="hg-button hg-standardBtn" data-skbtn="t" data-skbtnuid="lettersOnly-r0b4"><span>t</span></div><div class="hg-button hg-standardBtn" data-skbtn="y" data-skbtnuid="lettersOnly-r0b5"><span>y</span></div><div class="hg-button hg-standardBtn" data-skbtn="u" data-skbtnuid="lettersOnly-r0b6"><span>u</span></div><div class="hg-button hg-standardBtn" data-skbtn="i" data-skbtnuid="lettersOnly-r0b7"><span>i</span></div><div class="hg-button hg-standardBtn" data-skbtn="o" data-skbtnuid="lettersOnly-r0b8"><span>o</span></div><div class="hg-button hg-standardBtn" data-skbtn="p" data-skbtnuid="lettersOnly-r0b9"><span>p</span></div></div><div class="hg-row"><div class="hg-button hg-standardBtn" data-skbtn="a" data-skbtnuid="lettersOnly-r1b0"><span>a</span></div><div class="hg-button hg-standardBtn" data-skbtn="s" data-skbtnuid="lettersOnly-r1b1"><span>s</span></div><div class="hg-button hg-standardBtn" data-skbtn="d" data-skbtnuid="lettersOnly-r1b2"><span>d</span></div><div class="hg-button hg-standardBtn" data-skbtn="f" data-skbtnuid="lettersOnly-r1b3"><span>f</span></div><div class="hg-button hg-standardBtn" data-skbtn="g" data-skbtnuid="lettersOnly-r1b4"><span>g</span></div><div class="hg-button hg-standardBtn" data-skbtn="h" data-skbtnuid="lettersOnly-r1b5"><span>h</span></div><div class="hg-button hg-standardBtn" data-skbtn="j" data-skbtnuid="lettersOnly-r1b6"><span>j</span></div><div class="hg-button hg-standardBtn" data-skbtn="k" data-skbtnuid="lettersOnly-r1b7"><span>k</span></div><div class="hg-button hg-standardBtn" data-skbtn="l" data-skbtnuid="lettersOnly-r1b8"><span>l</span></div></div><div class="hg-row"><div class="hg-button hg-functionBtn hg-button-ent" data-skbtn="{ent}" data-skbtnuid="lettersOnly-r2b0"><span>Enter</span></div><div class="hg-button hg-standardBtn" data-skbtn="z" data-skbtnuid="lettersOnly-r2b1"><span>z</span></div><div class="hg-button hg-standardBtn" data-skbtn="x" data-skbtnuid="lettersOnly-r2b2"><span>x</span></div><div class="hg-button hg-standardBtn" data-skbtn="c" data-skbtnuid="lettersOnly-r2b3"><span>c</span></div><div class="hg-button hg-standardBtn" data-skbtn="v" data-skbtnuid="lettersOnly-r2b4"><span>v</span></div><div class="hg-button hg-standardBtn" data-skbtn="b" data-skbtnuid="lettersOnly-r2b5"><span>b</span></div><div class="hg-button hg-standardBtn" data-skbtn="n" data-skbtnuid="lettersOnly-r2b6"><span>n</span></div><div class="hg-button hg-standardBtn" data-skbtn="m" data-skbtnuid="lettersOnly-r2b7"><span>m</span></div><div class="hg-button hg-functionBtn hg-button-backspace" data-skbtn="{backspace}" data-skbtnuid="lettersOnly-r2b8"><span>⌫</span></div></div></div></div></div>"`;

exports[`ScreenKeyboard element produces output with styles supplied 1`] = `"<div class="MuiBox-root css-1v5z18m" id="app.page1.keyboard" tabindex="-1"><div class="react-simple-keyboard simple-keyboard hg-theme-default hg-layout-lettersOnly" data-skinstance="reactSimpleKeyboard"><div class="hg-rows"><div class="hg-row"><div class="hg-button hg-standardBtn" data-skbtn="q" data-skbtnuid="lettersOnly-r0b0"><span>q</span></div><div class="hg-button hg-standardBtn" data-skbtn="w" data-skbtnuid="lettersOnly-r0b1"><span>w</span></div><div class="hg-button hg-standardBtn" data-skbtn="e" data-skbtnuid="lettersOnly-r0b2"><span>e</span></div><div class="hg-button hg-standardBtn" data-skbtn="r" data-skbtnuid="lettersOnly-r0b3"><span>r</span></div><div class="hg-button hg-standardBtn" data-skbtn="t" data-skbtnuid="lettersOnly-r0b4"><span>t</span></div><div class="hg-button hg-standardBtn" data-skbtn="y" data-skbtnuid="lettersOnly-r0b5"><span>y</span></div><div class="hg-button hg-standardBtn" data-skbtn="u" data-skbtnuid="lettersOnly-r0b6"><span>u</span></div><div class="hg-button hg-standardBtn" data-skbtn="i" data-skbtnuid="lettersOnly-r0b7"><span>i</span></div><div class="hg-button hg-standardBtn" data-skbtn="o" data-skbtnuid="lettersOnly-r0b8"><span>o</span></div><div class="hg-button hg-standardBtn" data-skbtn="p" data-skbtnuid="lettersOnly-r0b9"><span>p</span></div></div><div class="hg-row"><div class="hg-button hg-standardBtn" data-skbtn="a" data-skbtnuid="lettersOnly-r1b0"><span>a</span></div><div class="hg-button hg-standardBtn" data-skbtn="s" data-skbtnuid="lettersOnly-r1b1"><span>s</span></div><div class="hg-button hg-standardBtn" data-skbtn="d" data-skbtnuid="lettersOnly-r1b2"><span>d</span></div><div class="hg-button hg-standardBtn" data-skbtn="f" data-skbtnuid="lettersOnly-r1b3"><span>f</span></div><div class="hg-button hg-standardBtn" data-skbtn="g" data-skbtnuid="lettersOnly-r1b4"><span>g</span></div><div class="hg-button hg-standardBtn" data-skbtn="h" data-skbtnuid="lettersOnly-r1b5"><span>h</span></div><div class="hg-button hg-standardBtn" data-skbtn="j" data-skbtnuid="lettersOnly-r1b6"><span>j</span></div><div class="hg-button hg-standardBtn" data-skbtn="k" data-skbtnuid="lettersOnly-r1b7"><span>k</span></div><div class="hg-button hg-standardBtn" data-skbtn="l" data-skbtnuid="lettersOnly-r1b8"><span>l</span></div></div><div class="hg-row"><div class="hg-button hg-functionBtn hg-button-ent" data-skbtn="{ent}" data-skbtnuid="lettersOnly-r2b0"><span>Enter</span></div><div class="hg-button hg-standardBtn" data-skbtn="z" data-skbtnuid="lettersOnly-r2b1"><span>z</span></div><div class="hg-button hg-standardBtn" data-skbtn="x" data-skbtnuid="lettersOnly-r2b2"><span>x</span></div><div class="hg-button hg-standardBtn" data-skbtn="c" data-skbtnuid="lettersOnly-r2b3"><span>c</span></div><div class="hg-button hg-standardBtn" data-skbtn="v" data-skbtnuid="lettersOnly-r2b4"><span>v</span></div><div class="hg-button hg-standardBtn" data-skbtn="b" data-skbtnuid="lettersOnly-r2b5"><span>b</span></div><div class="hg-button hg-standardBtn" data-skbtn="n" data-skbtnuid="lettersOnly-r2b6"><span>n</span></div><div class="hg-button hg-standardBtn" data-skbtn="m" data-skbtnuid="lettersOnly-r2b7"><span>m</span></div><div class="hg-button hg-functionBtn hg-button-backspace" data-skbtn="{backspace}" data-skbtnuid="lettersOnly-r2b8"><span>⌫</span></div></div></div></div></div>"`;
