// Jest Snapshot v1, https://goo.gl/fbAQLP

exports[`SelectInput element produces output with default values where properties omitted 1`] = `
<div
  className="MuiFormControl-root css-1p5ajek-MuiFormControl-root"
>
  <label
    className="MuiFormLabel-root MuiInputLabel-root MuiInputLabel-formControl MuiInputLabel-animated MuiInputLabel-sizeSmall MuiInputLabel-filled MuiFormLabel-colorPrimary MuiInputLabel-root MuiInputLabel-formControl MuiInputLabel-animated MuiInputLabel-sizeSmall MuiInputLabel-filled css-1y3nboe-MuiFormLabel-root-MuiInputLabel-root"
    data-shrink={false}
    id="app.page1.height_label"
  />
  <div
    className="MuiInputBase-root MuiFilledInput-root MuiFilledInput-underline MuiInputBase-colorPrimary MuiInputBase-formControl MuiInputBase-sizeSmall  css-6khn8x-MuiInputBase-root-MuiFilledInput-root-MuiSelect-root"
    onClick={[Function]}
  >
    <div
      aria-controls=":r1:"
      aria-expanded="false"
      aria-haspopup="listbox"
      aria-labelledby="app.page1.height_label app.page1.height"
      className="MuiSelect-select MuiSelect-filled MuiInputBase-input MuiFilledInput-input MuiInputBase-inputSizeSmall css-idivhk-MuiSelect-select-MuiInputBase-input-MuiFilledInput-input"
      id="app.page1.height"
      onBlur={[Function]}
      onFocus={[Function]}
      onKeyDown={[Function]}
      onMouseDown={[Function]}
      role="combobox"
      tabIndex={0}
    >
      <span
        className="notranslate"
      >
        â€‹
      </span>
    </div>
    <input
      aria-hidden={true}
      aria-invalid={false}
      className="MuiSelect-nativeInput css-j0riat-MuiSelect-nativeInput"
      disabled={false}
      onAnimationStart={[Function]}
      onChange={[Function]}
      required={false}
      tabIndex={-1}
      value=""
    />
    <svg
      aria-hidden={true}
      className="MuiSvgIcon-root MuiSvgIcon-fontSizeMedium MuiSelect-icon MuiSelect-iconFilled css-lohd6h-MuiSvgIcon-root-MuiSelect-icon"
      data-testid="ArrowDropDownIcon"
      focusable="false"
      viewBox="0 0 24 24"
    >
      <path
        d="M7 10l5 5 5-5z"
      />
    </svg>
  </div>
  <p
    className="MuiFormHelperText-root MuiFormHelperText-sizeSmall MuiFormHelperText-contained css-2s8ubb-MuiFormHelperText-root"
  />
</div>
`;

exports[`SelectInput element produces output with description info from data type 1`] = `"<div class="MuiFormControl-root css-1p5ajek-MuiFormControl-root"><label class="MuiFormLabel-root MuiInputLabel-root MuiInputLabel-formControl MuiInputLabel-animated MuiInputLabel-shrink MuiInputLabel-sizeSmall MuiInputLabel-filled MuiFormLabel-colorPrimary MuiFormLabel-filled MuiInputLabel-root MuiInputLabel-formControl MuiInputLabel-animated MuiInputLabel-shrink MuiInputLabel-sizeSmall MuiInputLabel-filled css-1dj2ypp-MuiFormLabel-root-MuiInputLabel-root" data-shrink="true" id="app.page1.description_label">Color</label><div class="MuiInputBase-root MuiFilledInput-root MuiFilledInput-underline MuiFilledInput-adornedEnd MuiInputBase-colorPrimary MuiInputBase-formControl MuiInputBase-sizeSmall MuiInputBase-adornedEnd  css-1lrtipe-MuiInputBase-root-MuiFilledInput-root-MuiSelect-root"><div tabindex="0" role="combobox" aria-controls=":r2:" aria-expanded="false" aria-haspopup="listbox" aria-labelledby="app.page1.description_label app.page1.description" id="app.page1.description" class="MuiSelect-select MuiSelect-filled MuiInputBase-input MuiFilledInput-input MuiInputBase-inputSizeSmall MuiInputBase-inputAdornedEnd css-7urd10-MuiSelect-select-MuiInputBase-input-MuiFilledInput-input">Green</div><input aria-invalid="false" aria-hidden="true" tabindex="-1" class="MuiSelect-nativeInput css-j0riat-MuiSelect-nativeInput" value="Green"><svg class="MuiSvgIcon-root MuiSvgIcon-fontSizeMedium MuiSelect-icon MuiSelect-iconFilled css-lohd6h-MuiSvgIcon-root-MuiSelect-icon" focusable="false" aria-hidden="true" viewBox="0 0 24 24" data-testid="ArrowDropDownIcon"><path d="M7 10l5 5 5-5z"></path></svg><div class="MuiInputAdornment-root MuiInputAdornment-positionEnd MuiInputAdornment-filled MuiInputAdornment-sizeSmall css-d1i31j-MuiInputAdornment-root"><button class="MuiButtonBase-root MuiIconButton-root MuiIconButton-edgeEnd MuiIconButton-sizeMedium css-1jg1csc-MuiButtonBase-root-MuiIconButton-root" tabindex="0" type="button" aria-label="A select input for choosing something" data-mui-internal-clone-element="true"><span class="material-icons notranslate MuiIcon-root MuiIcon-fontSizeMedium css-1hhvfje-MuiIcon-root" aria-hidden="true" aria-label="Help">info_outlined</span></button></div></div><p class="MuiFormHelperText-root MuiFormHelperText-sizeSmall MuiFormHelperText-contained MuiFormHelperText-filled css-2s8ubb-MuiFormHelperText-root"></p></div>"`;

exports[`SelectInput element produces output with properties supplied 1`] = `
<div
  className="MuiFormControl-root css-1p5ajek-MuiFormControl-root"
>
  <label
    className="MuiFormLabel-root MuiInputLabel-root MuiInputLabel-formControl MuiInputLabel-animated MuiInputLabel-shrink MuiInputLabel-sizeSmall MuiInputLabel-filled MuiFormLabel-colorPrimary MuiFormLabel-filled MuiInputLabel-root MuiInputLabel-formControl MuiInputLabel-animated MuiInputLabel-shrink MuiInputLabel-sizeSmall MuiInputLabel-filled css-1dj2ypp-MuiFormLabel-root-MuiInputLabel-root"
    data-shrink={true}
    id="app.page1.background_label"
  >
    Background
  </label>
  <div
    className="MuiInputBase-root MuiFilledInput-root MuiFilledInput-underline MuiInputBase-colorPrimary MuiInputBase-formControl MuiInputBase-sizeSmall  css-4p9ek4-MuiInputBase-root-MuiFilledInput-root-MuiSelect-root"
    onClick={[Function]}
  >
    <div
      aria-controls=":r0:"
      aria-expanded="false"
      aria-haspopup="listbox"
      aria-labelledby="app.page1.background_label app.page1.background"
      className="MuiSelect-select MuiSelect-filled MuiInputBase-input MuiFilledInput-input MuiInputBase-inputSizeSmall css-idivhk-MuiSelect-select-MuiInputBase-input-MuiFilledInput-input"
      id="app.page1.background"
      onBlur={[Function]}
      onFocus={[Function]}
      onKeyDown={[Function]}
      onMouseDown={[Function]}
      role="combobox"
      tabIndex={0}
    >
      Pink
    </div>
    <input
      aria-hidden={true}
      aria-invalid={false}
      className="MuiSelect-nativeInput css-j0riat-MuiSelect-nativeInput"
      disabled={false}
      onAnimationStart={[Function]}
      onChange={[Function]}
      required={false}
      tabIndex={-1}
      value="Pink"
    />
    <svg
      aria-hidden={true}
      className="MuiSvgIcon-root MuiSvgIcon-fontSizeMedium MuiSelect-icon MuiSelect-iconFilled css-lohd6h-MuiSvgIcon-root-MuiSelect-icon"
      data-testid="ArrowDropDownIcon"
      focusable="false"
      viewBox="0 0 24 24"
    >
      <path
        d="M7 10l5 5 5-5z"
      />
    </svg>
  </div>
  <p
    className="MuiFormHelperText-root MuiFormHelperText-sizeSmall MuiFormHelperText-contained MuiFormHelperText-filled css-2s8ubb-MuiFormHelperText-root"
  />
</div>
`;

exports[`SelectInput takes values from data type 1`] = `"<div class="MuiFormControl-root css-1p5ajek-MuiFormControl-root"><label class="MuiFormLabel-root MuiInputLabel-root MuiInputLabel-formControl MuiInputLabel-animated MuiInputLabel-shrink MuiInputLabel-sizeSmall MuiInputLabel-filled MuiFormLabel-colorPrimary MuiFormLabel-filled MuiInputLabel-root MuiInputLabel-formControl MuiInputLabel-animated MuiInputLabel-shrink MuiInputLabel-sizeSmall MuiInputLabel-filled css-1dj2ypp-MuiFormLabel-root-MuiInputLabel-root" data-shrink="true" id="app.page1.description_label">Color</label><div class="MuiInputBase-root MuiFilledInput-root MuiFilledInput-underline MuiFilledInput-adornedEnd MuiInputBase-colorPrimary MuiInputBase-formControl MuiInputBase-sizeSmall MuiInputBase-adornedEnd  css-1lrtipe-MuiInputBase-root-MuiFilledInput-root-MuiSelect-root"><div tabindex="0" role="combobox" aria-controls=":r0:" aria-expanded="false" aria-haspopup="listbox" aria-labelledby="app.page1.description_label app.page1.description" id="app.page1.description" class="MuiSelect-select MuiSelect-filled MuiInputBase-input MuiFilledInput-input MuiInputBase-inputSizeSmall MuiInputBase-inputAdornedEnd css-7urd10-MuiSelect-select-MuiInputBase-input-MuiFilledInput-input">Green</div><input aria-invalid="false" aria-hidden="true" tabindex="-1" class="MuiSelect-nativeInput css-j0riat-MuiSelect-nativeInput" value="Green"><svg class="MuiSvgIcon-root MuiSvgIcon-fontSizeMedium MuiSelect-icon MuiSelect-iconFilled css-lohd6h-MuiSvgIcon-root-MuiSelect-icon" focusable="false" aria-hidden="true" viewBox="0 0 24 24" data-testid="ArrowDropDownIcon"><path d="M7 10l5 5 5-5z"></path></svg><div class="MuiInputAdornment-root MuiInputAdornment-positionEnd MuiInputAdornment-filled MuiInputAdornment-sizeSmall css-d1i31j-MuiInputAdornment-root"><button class="MuiButtonBase-root MuiIconButton-root MuiIconButton-edgeEnd MuiIconButton-sizeMedium css-1jg1csc-MuiButtonBase-root-MuiIconButton-root" tabindex="0" type="button" aria-label="A select input for choosing something" data-mui-internal-clone-element="true"><span class="material-icons notranslate MuiIcon-root MuiIcon-fontSizeMedium css-1hhvfje-MuiIcon-root" aria-hidden="true" aria-label="Help">info_outlined</span></button></div></div><p class="MuiFormHelperText-root MuiFormHelperText-sizeSmall MuiFormHelperText-contained MuiFormHelperText-filled css-2s8ubb-MuiFormHelperText-root"></p></div>"`;
