// Jest Snapshot v1, https://goo.gl/fbAQLP

exports[`Timer element produces output with default values where properties omitted 1`] = `"<div class="MuiFormControl-root MuiTextField-root css-1qr9tsw-MuiFormControl-root-MuiTextField-root"><div class="MuiInputBase-root MuiOutlinedInput-root MuiInputBase-colorPrimary MuiInputBase-formControl MuiInputBase-sizeSmall css-9ddj71-MuiInputBase-root-MuiOutlinedInput-root"><input aria-invalid="false" id="app.page1.timer" type="text" class="MuiInputBase-input MuiOutlinedInput-input MuiInputBase-inputSizeSmall css-1n4twyu-MuiInputBase-input-MuiOutlinedInput-input" value="0.00"><fieldset aria-hidden="true" class="MuiOutlinedInput-notchedOutline css-1d3z3hw-MuiOutlinedInput-notchedOutline"><legend class="css-ihdtdm"><span class="notranslate">â€‹</span></legend></fieldset></div></div>"`;

exports[`Timer element produces output with properties supplied 1`] = `"<div class="MuiFormControl-root MuiTextField-root css-c212v0-MuiFormControl-root-MuiTextField-root"><label class="MuiFormLabel-root MuiInputLabel-root MuiInputLabel-formControl MuiInputLabel-animated MuiInputLabel-shrink MuiInputLabel-sizeSmall MuiInputLabel-outlined MuiFormLabel-colorPrimary MuiFormLabel-filled MuiInputLabel-root MuiInputLabel-formControl MuiInputLabel-animated MuiInputLabel-shrink MuiInputLabel-sizeSmall MuiInputLabel-outlined css-1sumxir-MuiFormLabel-root-MuiInputLabel-root" data-shrink="true" for="app.page1.timer" id="app.page1.timer-label">Time Left</label><div class="MuiInputBase-root MuiOutlinedInput-root MuiInputBase-colorPrimary MuiInputBase-formControl MuiInputBase-sizeSmall css-9ddj71-MuiInputBase-root-MuiOutlinedInput-root"><input aria-invalid="false" id="app.page1.timer" type="text" class="MuiInputBase-input MuiOutlinedInput-input MuiInputBase-inputSizeSmall css-1n4twyu-MuiInputBase-input-MuiOutlinedInput-input" value="0.00"><fieldset aria-hidden="true" class="MuiOutlinedInput-notchedOutline css-1d3z3hw-MuiOutlinedInput-notchedOutline"><legend class="css-14lo706"><span>Time Left</span></legend></fieldset></div></div>"`;
